---
source: markdown-reader/src/main.rs
expression: "Cli::command().render_long_help()"
---
A simple markdown reader that uses ratatui to render markdown files.

Usage: mdr [OPTIONS] [PATH]

Arguments:
  [PATH]
          The path to the markdown file to read
          
          [default: README.md]

Options:
      --image-fallback <MODE>
          Text to display in place of Markdown images

          Possible values:
          - alt-text:         Display the image description, falling back to its URL
          - url:              Display the image URL
          - alt-text-and-url: Display the image description and URL
          
          [default: alt-text]

      --code-theme <THEME>
          Built-in syntax-highlighting theme (default: base16-ocean-dark)

          Possible values:
          - base16-eighties-dark: The dark Base16 Eighties theme
          - base16-mocha-dark:    The dark Base16 Mocha theme
          - base16-ocean-dark:    The default dark Base16 Ocean theme
          - base16-ocean-light:   The light Base16 Ocean theme
          - inspired-github:      The light Inspired GitHub theme
          - solarized-dark:       The dark Solarized theme
          - solarized-light:      The light Solarized theme

      --code-theme-file <PATH>
          Load a custom syntax-highlighting theme from a TextMate .tmTheme file

  -h, --help
          Print help (see a summary with '-h')

  -V, --version
          Print version
