---
source: markdown-reader/src/main.rs
expression: text
---
Text::from_iter([
    Line::from("---").light_yellow(),
    Line::from("document: tui-markdown feature showcase").light_yellow(),
    Line::from("tags:").light_yellow(),
    Line::from("  - markdown").light_yellow(),
    Line::from("  - ratatui").light_yellow(),
    Line::from("  - terminal").light_yellow(),
    Line::from("---").light_yellow(),
    Line::default(),
    Line::from_iter([
        Span::from("# "),
        Span::from("tui-markdown feature showcase"),
    ]).on_cyan().bold().underlined(),
    Line::default(),
    Line::from_iter([
        Span::from("This document exercises the Markdown constructs supported by "),
        Span::from("tui-markdown").white().on_black(),
        Span::from(" and provides a useful"),
        Span::from(" "),
        Span::from("manual test for "),
        Span::from("mdr").white().on_black(),
        Span::from(". Read it with:"),
    ]),
    Line::default(),
    Line::from("```shell"),
    Line::from("cargo run -p markdown-reader -- markdown-reader/TEST.md"),
    Line::from("```"),
    Line::default(),
    Line::from_iter([
        Span::from("Each section shows its Markdown source first, followed by the live example rendered by "),
        Span::from("mdr").white().on_black(),
        Span::from("."),
    ]),
    Line::default(),
    Line::from_iter([
        Span::from("## "),
        Span::from("Metadata blocks"),
    ]).cyan().bold(),
    Line::default(),
    Line::from_iter([
        Span::from("Metadata must be the first construct in a document, so the opening lines of this file are the live"),
        Span::from(" "),
        Span::from("example. They use this syntax:"),
    ]),
    Line::default(),
    Line::from("```text"),
    Line::from("---"),
    Line::from("document: tui-markdown feature showcase"),
    Line::from("tags:"),
    Line::from("  - markdown"),
    Line::from("  - ratatui"),
    Line::from("  - terminal"),
    Line::from("---"),
    Line::from("```"),
    Line::default(),
    Line::from_iter([
        Span::from("## "),
        Span::from("Headings and attributes"),
    ]).cyan().bold(),
    Line::default(),
    Line::from("```text"),
    Line::from("### Heading with attributes {#heading .showcase audience=maintainers}"),
    Line::from("#### Level four"),
    Line::from("##### Level five"),
    Line::from("###### Level six"),
    Line::from("```"),
    Line::default(),
    Line::from_iter([
        Span::from("### "),
        Span::from("Heading with attributes"),
        Span::from(" {#heading .showcase audience=maintainers}").dim(),
    ]).cyan().bold().italic(),
    Line::default(),
    Line::from_iter([
        Span::from("#### "),
        Span::from("Level four"),
    ]).light_cyan().italic(),
    Line::default(),
    Line::from_iter([
        Span::from("##### "),
        Span::from("Level five"),
    ]).light_cyan().italic(),
    Line::default(),
    Line::from_iter([
        Span::from("###### "),
        Span::from("Level six"),
    ]).light_cyan().italic(),
    Line::default(),
    Line::from_iter([
        Span::from("## "),
        Span::from("Paragraphs and inline formatting"),
    ]).cyan().bold(),
    Line::default(),
    Line::from("```text"),
    Line::from("Plain text can contain *emphasis*, **strong emphasis**, ***both at once***,"),
    Line::from("~~strikethrough~~, and `inline code`."),
    Line::from(""),
    Line::from("Formatting can be nested: **strong text with *emphasis* and `code`**."),
    Line::from(""),
    Line::from("Superscript: 2^10^. Subscript: H~2~O."),
    Line::from("```"),
    Line::default(),
    Line::from_iter([
        Span::from("Plain text can contain "),
        Span::from("emphasis").italic(),
        Span::from(", "),
        Span::from("strong emphasis").bold(),
        Span::from(", "),
        Span::from("both at once").bold().italic(),
        Span::from(", "),
        Span::from("strikethrough").crossed_out(),
        Span::from(", and"),
        Span::from(" "),
        Span::from("inline code").white().on_black(),
        Span::from("."),
    ]),
    Line::default(),
    Line::from_iter([
        Span::from("Formatting can be nested: "),
        Span::from("strong text with ").bold(),
        Span::from("emphasis").bold().italic(),
        Span::from(" and ").bold(),
        Span::from("code").white().on_black(),
        Span::from("."),
    ]),
    Line::default(),
    Line::from_iter([
        Span::from("Superscript: 2^10"),
        Span::from("^"),
        Span::from(". Subscript: H~2~O."),
    ]),
    Line::default(),
    Line::from_iter([
        Span::from("## "),
        Span::from("Line breaks"),
    ]).cyan().bold(),
    Line::default(),
    Line::from("```text"),
    Line::from("A soft"),
    Line::from("line break becomes a space."),
    Line::from(""),
    Line::from("A hard break keeps the backslash\"),
    Line::from("and starts a new terminal line."),
    Line::from("```"),
    Line::default(),
    Line::from_iter([
        Span::from("A soft"),
        Span::from(" "),
        Span::from("line break becomes a space."),
    ]),
    Line::default(),
    Line::from("A hard break keeps the backslash"),
    Line::from("and starts a new terminal line."),
    Line::default(),
    Line::from_iter([
        Span::from("## "),
        Span::from("Links and images"),
    ]).cyan().bold(),
    Line::default(),
    Line::from("```text"),
    Line::from("Visit the [Ratatui website](https://ratatui.rs) or its"),
    Line::from("[GitHub repository][ratatui-repository]."),
    Line::from(""),
    Line::from("![Ferris holding a terminal](https://rustacean.net/assets/rustacean-flat-happy.png)"),
    Line::from(""),
    Line::from("[ratatui-repository]: https://github.com/ratatui/ratatui"),
    Line::from("```"),
    Line::default(),
    Line::from_iter([
        Span::from("Visit the "),
        Span::from("Ratatui website").blue().underlined(),
        Span::from(" ("),
        Span::from("https://ratatui.rs").blue().underlined(),
        Span::from(")"),
        Span::from(" or its"),
        Span::from(" "),
        Span::from("GitHub repository").blue().underlined(),
        Span::from(" ("),
        Span::from("https://github.com/ratatui/ratatui").blue().underlined(),
        Span::from(")"),
        Span::from(". Link labels may contain "),
        Span::from("formatting").bold(),
        Span::from("."),
    ]),
    Line::default(),
    Line::from_iter([
        Span::from("Images use a terminal-friendly text fallback instead of loading image data:"),
        Span::from(" "),
        Span::from("[img] ").dim().italic(),
        Span::from("Ferris holding a terminal").dim().italic(),
    ]),
    Line::default(),
    Line::from_iter([
        Span::from("## "),
        Span::from("Blockquotes"),
    ]).cyan().bold(),
    Line::default(),
    Line::from("```text"),
    Line::from("> A blockquote can contain **formatted text** and `inline code`."),
    Line::from(">"),
    Line::from("> A second paragraph stays inside the same quote."),
    Line::from(""),
    Line::from("> An outer quote can contain another quote."),
    Line::from(">"),
    Line::from(">> The nested quote has an additional `>` prefix."),
    Line::from("```"),
    Line::default(),
    Line::from_iter([
        Span::from("### "),
        Span::from("Multiple paragraphs"),
    ]).cyan().bold().italic(),
    Line::default(),
    Line::from_iter([
        Span::from(">"),
        Span::from(" "),
        Span::from("A blockquote can contain "),
        Span::from("formatted text").bold(),
        Span::from(" and "),
        Span::from("inline code").white().on_black(),
        Span::from("."),
    ]).green(),
    Line::from_iter([
        Span::from(">"),
        Span::from(" "),
    ]).green(),
    Line::from_iter([
        Span::from(">"),
        Span::from(" "),
        Span::from("A second paragraph stays inside the same quote."),
    ]).green(),
    Line::default(),
    Line::from_iter([
        Span::from("### "),
        Span::from("Nested quote"),
    ]).cyan().bold().italic(),
    Line::default(),
    Line::from_iter([
        Span::from(">"),
        Span::from(" "),
        Span::from("An outer quote can contain another quote."),
    ]).green(),
    Line::from_iter([
        Span::from(">"),
        Span::from(" "),
    ]).green(),
    Line::from_iter([
        Span::from(">"),
        Span::from(">"),
        Span::from(" "),
        Span::from("The nested quote has an additional "),
        Span::from(">").white().on_black(),
        Span::from(" prefix."),
    ]).green(),
    Line::default(),
    Line::from("Text after a blockquote returns to the ordinary paragraph style."),
    Line::default(),
    Line::from_iter([
        Span::from("## "),
        Span::from("GitHub-style alerts"),
    ]).cyan().bold(),
    Line::default(),
    Line::from("```text"),
    Line::from("> [!NOTE]"),
    Line::from("> Notes add useful context."),
    Line::from(""),
    Line::from("> [!TIP]"),
    Line::from("> Tips suggest a more convenient approach."),
    Line::from(""),
    Line::from("> [!IMPORTANT]"),
    Line::from("> Important information is necessary to complete the task."),
    Line::from(""),
    Line::from("> [!WARNING]"),
    Line::from("> Warnings describe a risk that deserves attention."),
    Line::from(""),
    Line::from("> [!CAUTION]"),
    Line::from("> Cautions call out a likely negative consequence."),
    Line::from("```"),
    Line::default(),
    Line::from_iter([
        Span::from("### "),
        Span::from("Note alert"),
    ]).cyan().bold().italic(),
    Line::default(),
    Line::from_iter([
        Span::from(">"),
        Span::from(" "),
        Span::from("ℹ\u{fe0f} Note").blue().bold(),
    ]).blue(),
    Line::from_iter([
        Span::from(">"),
        Span::from(" "),
        Span::from("Notes add useful context."),
    ]).blue(),
    Line::default(),
    Line::from_iter([
        Span::from("### "),
        Span::from("Tip alert"),
    ]).cyan().bold().italic(),
    Line::default(),
    Line::from_iter([
        Span::from(">"),
        Span::from(" "),
        Span::from("💡 Tip").green().bold(),
    ]).green(),
    Line::from_iter([
        Span::from(">"),
        Span::from(" "),
        Span::from("Tips suggest a more convenient approach."),
    ]).green(),
    Line::default(),
    Line::from_iter([
        Span::from("### "),
        Span::from("Important alert"),
    ]).cyan().bold().italic(),
    Line::default(),
    Line::from_iter([
        Span::from(">"),
        Span::from(" "),
        Span::from("❗ Important").magenta().bold(),
    ]).magenta(),
    Line::from_iter([
        Span::from(">"),
        Span::from(" "),
        Span::from("Important information is necessary to complete the task."),
    ]).magenta(),
    Line::default(),
    Line::from_iter([
        Span::from("### "),
        Span::from("Warning alert"),
    ]).cyan().bold().italic(),
    Line::default(),
    Line::from_iter([
        Span::from(">"),
        Span::from(" "),
        Span::from("⚠\u{fe0f} Warning").yellow().bold(),
    ]).yellow(),
    Line::from_iter([
        Span::from(">"),
        Span::from(" "),
        Span::from("Warnings describe a risk that deserves attention."),
    ]).yellow(),
    Line::default(),
    Line::from_iter([
        Span::from("### "),
        Span::from("Caution alert"),
    ]).cyan().bold().italic(),
    Line::default(),
    Line::from_iter([
        Span::from(">"),
        Span::from(" "),
        Span::from("🔴 Caution").red().bold(),
    ]).red(),
    Line::from_iter([
        Span::from(">"),
        Span::from(" "),
        Span::from("Cautions call out a likely negative consequence."),
    ]).red(),
    Line::default(),
    Line::from_iter([
        Span::from("## "),
        Span::from("Lists"),
    ]).cyan().bold(),
    Line::default(),
    Line::from("```text"),
    Line::from("- Renderer"),
    Line::from("  - Styles spans"),
    Line::from("  - Preserves block layout"),
    Line::from("- Reader"),
    Line::from("  - Opens Markdown files"),
    Line::from("  - Scrolls terminal output"),
    Line::from(""),
    Line::from("1. Parse Markdown events"),
    Line::from("2. Render Ratatui lines"),
    Line::from("3. Draw the result"),
    Line::from(""),
    Line::from("- [x] Parse the document"),
    Line::from("- [x] Render supported constructs"),
    Line::from("- [ ] Add the next feature"),
    Line::from("```"),
    Line::default(),
    Line::from("An unordered list can contain nested items:"),
    Line::default(),
    Line::from_iter([
        Span::from("- "),
        Span::from("Renderer"),
    ]),
    Line::from_iter([
        Span::from("    - "),
        Span::from("Styles spans"),
    ]),
    Line::from_iter([
        Span::from("    - "),
        Span::from("Preserves block layout"),
    ]),
    Line::from_iter([
        Span::from("- "),
        Span::from("Reader"),
    ]),
    Line::from_iter([
        Span::from("    - "),
        Span::from("Opens Markdown files"),
    ]),
    Line::from_iter([
        Span::from("    - "),
        Span::from("Scrolls terminal output"),
    ]),
    Line::default(),
    Line::from("Ordered lists preserve their numbering:"),
    Line::default(),
    Line::from_iter([
        Span::from("1. ").light_blue(),
        Span::from("Parse Markdown events"),
    ]),
    Line::from_iter([
        Span::from("2. ").light_blue(),
        Span::from("Render Ratatui lines"),
    ]),
    Line::from_iter([
        Span::from("3. ").light_blue(),
        Span::from("Draw the result"),
    ]),
    Line::default(),
    Line::from("Task lists show completed and pending work:"),
    Line::default(),
    Line::from_iter([
        Span::from("- [x] "),
        Span::from("Parse the document"),
    ]),
    Line::from_iter([
        Span::from("- [x] "),
        Span::from("Render supported constructs"),
    ]),
    Line::from_iter([
        Span::from("- [ ] "),
        Span::from("Add the next feature"),
    ]),
    Line::default(),
    Line::from_iter([
        Span::from("## "),
        Span::from("Code"),
    ]).cyan().bold(),
    Line::default(),
    Line::from("The outer four-backtick fence below displays the three-backtick code-fence syntax."),
    Line::default(),
    Line::from("```text"),
    Line::from("```rust"),
    Line::from("use tui_markdown::from_str;"),
    Line::from(""),
    Line::from("let text = from_str("**Hello**, terminal!");"),
    Line::from("println!("{text}");"),
    Line::from("```"),
    Line::from(""),
    Line::from("```made-up-language"),
    Line::from("widget -> buffer -> terminal"),
    Line::from("```"),
    Line::from("```"),
    Line::default(),
    Line::from_iter([
        Span::from("Recognized fenced languages use syntax highlighting when the "),
        Span::from("highlight-code").white().on_black(),
        Span::from(" feature is enabled:"),
    ]),
    Line::default(),
    Line::from("```rust"),
    Line::from_iter([
        Span::from("use").fg(Color::Rgb(180, 142, 173)),
        Span::from(" ").fg(Color::Rgb(192, 197, 206)),
        Span::from("tui_markdown").fg(Color::Rgb(192, 197, 206)),
        Span::from("::").fg(Color::Rgb(192, 197, 206)),
        Span::from("from_str").fg(Color::Rgb(192, 197, 206)),
        Span::from(";").fg(Color::Rgb(192, 197, 206)),
    ]),
    Line::default(),
    Line::from_iter([
        Span::from("let").fg(Color::Rgb(180, 142, 173)),
        Span::from(" text ").fg(Color::Rgb(192, 197, 206)),
        Span::from("=").fg(Color::Rgb(192, 197, 206)),
        Span::from(" ").fg(Color::Rgb(192, 197, 206)),
        Span::from("from_str").fg(Color::Rgb(150, 181, 180)),
        Span::from("(").fg(Color::Rgb(192, 197, 206)),
        Span::from("\"").fg(Color::Rgb(192, 197, 206)),
        Span::from("**Hello**, terminal!").fg(Color::Rgb(163, 190, 140)),
        Span::from("\"").fg(Color::Rgb(192, 197, 206)),
        Span::from(")").fg(Color::Rgb(192, 197, 206)),
        Span::from(";").fg(Color::Rgb(192, 197, 206)),
    ]),
    Line::from_iter([
        Span::from("println!").fg(Color::Rgb(192, 197, 206)),
        Span::from("(").fg(Color::Rgb(192, 197, 206)),
        Span::from("\"").fg(Color::Rgb(192, 197, 206)),
        Span::from("{text}").fg(Color::Rgb(208, 135, 112)),
        Span::from("\"").fg(Color::Rgb(192, 197, 206)),
        Span::from(")").fg(Color::Rgb(192, 197, 206)),
        Span::from(";").fg(Color::Rgb(192, 197, 206)),
    ]),
    Line::from("```"),
    Line::default(),
    Line::from("An unrecognized language still renders as a code block using the configured fallback style:"),
    Line::default(),
    Line::from("```made-up-language"),
    Line::from("widget -> buffer -> terminal"),
    Line::from("```"),
    Line::default(),
    Line::from_iter([
        Span::from("## "),
        Span::from("Tables"),
    ]).cyan().bold(),
    Line::default(),
    Line::from("```text"),
    Line::from("| Construct   | Example                       | Status |"),
    Line::from("| :---------- | :---------------------------: | -----: |"),
    Line::from("| Strong      | **bold**                      |  Ready |"),
    Line::from("| Inline code | `Text<'a>`                    |  Ready |"),
    Line::from("| Link        | [Ratatui](https://ratatui.rs) |  Ready |"),
    Line::from("| Wide text   | 東京                          |  Ready |"),
    Line::from("| Emoji       | 🦀                            |  Ready |"),
    Line::from("```"),
    Line::default(),
    Line::from_iter([
        Span::from("Tables honor left, center, and right alignment. Wide CJK text and emoji use terminal display width,"),
        Span::from(" "),
        Span::from("and inline Markdown stays inside its cell."),
    ]),
    Line::default(),
    Line::from(Span::from("┌─────────────┬──────────────────────────────┬────────┐").dark_gray()),
    Line::from_iter([
        Span::from("│").dark_gray(),
        Span::from(" ").cyan().bold(),
        Span::from("Construct").cyan().bold(),
        Span::from("   ").cyan().bold(),
        Span::from("│").dark_gray(),
        Span::from("           ").cyan().bold(),
        Span::from("Example").cyan().bold(),
        Span::from("            ").cyan().bold(),
        Span::from("│").dark_gray(),
        Span::from(" ").cyan().bold(),
        Span::from("Status").cyan().bold(),
        Span::from(" ").cyan().bold(),
        Span::from("│").dark_gray(),
    ]),
    Line::from(Span::from("├─────────────┼──────────────────────────────┼────────┤").dark_gray()),
    Line::from_iter([
        Span::from("│").dark_gray(),
        Span::from(" "),
        Span::from("Strong"),
        Span::from("      "),
        Span::from("│").dark_gray(),
        Span::from("             "),
        Span::from("bold").bold(),
        Span::from("             "),
        Span::from("│").dark_gray(),
        Span::from("  "),
        Span::from("Ready"),
        Span::from(" "),
        Span::from("│").dark_gray(),
    ]),
    Line::from_iter([
        Span::from("│").dark_gray(),
        Span::from(" "),
        Span::from("Inline code"),
        Span::from(" "),
        Span::from("│").dark_gray(),
        Span::from("           "),
        Span::from("Text<'a>").white().on_black(),
        Span::from("           "),
        Span::from("│").dark_gray(),
        Span::from("  "),
        Span::from("Ready"),
        Span::from(" "),
        Span::from("│").dark_gray(),
    ]),
    Line::from_iter([
        Span::from("│").dark_gray(),
        Span::from(" "),
        Span::from("Link"),
        Span::from("        "),
        Span::from("│").dark_gray(),
        Span::from(" "),
        Span::from("Ratatui").blue().underlined(),
        Span::from(" ("),
        Span::from("https://ratatui.rs").blue().underlined(),
        Span::from(")"),
        Span::from(" "),
        Span::from("│").dark_gray(),
        Span::from("  "),
        Span::from("Ready"),
        Span::from(" "),
        Span::from("│").dark_gray(),
    ]),
    Line::from_iter([
        Span::from("│").dark_gray(),
        Span::from(" "),
        Span::from("Wide text"),
        Span::from("   "),
        Span::from("│").dark_gray(),
        Span::from("             "),
        Span::from("東京"),
        Span::from("             "),
        Span::from("│").dark_gray(),
        Span::from("  "),
        Span::from("Ready"),
        Span::from(" "),
        Span::from("│").dark_gray(),
    ]),
    Line::from_iter([
        Span::from("│").dark_gray(),
        Span::from(" "),
        Span::from("Emoji"),
        Span::from("       "),
        Span::from("│").dark_gray(),
        Span::from("              "),
        Span::from("🦀"),
        Span::from("              "),
        Span::from("│").dark_gray(),
        Span::from("  "),
        Span::from("Ready"),
        Span::from(" "),
        Span::from("│").dark_gray(),
    ]),
    Line::from(Span::from("└─────────────┴──────────────────────────────┴────────┘").dark_gray()),
    Line::default(),
    Line::from_iter([
        Span::from("## "),
        Span::from("Math"),
    ]).cyan().bold(),
    Line::default(),
    Line::from("```text"),
    Line::from("Inline math remains in its sentence: $E = mc^2$."),
    Line::from(""),
    Line::from("$$"),
    Line::from("f(x) = x^2 + 2x + 1"),
    Line::from("     = (x + 1)^2"),
    Line::from("$$"),
    Line::from("```"),
    Line::default(),
    Line::from_iter([
        Span::from("Inline math remains in its sentence: "),
        Span::from("$E = mc^2$").magenta().italic(),
        Span::from("."),
    ]),
    Line::default(),
    Line::from("Display math preserves its delimiters and physical lines:"),
    Line::default(),
    Line::from(Span::from("$$").magenta()),
    Line::from(Span::from("f(x) = x^2 + 2x + 1").magenta()),
    Line::from(Span::from("     = (x + 1)^2").magenta()),
    Line::from(Span::from("$$").magenta()),
    Line::default(),
    Line::from_iter([
        Span::from("## "),
        Span::from("HTML"),
    ]).cyan().bold(),
    Line::default(),
    Line::from("```text"),
    Line::from("Inline HTML remains visible.<br>"),
    Line::from(""),
    Line::from("<details>"),
    Line::from("<summary>Block HTML also remains visible</summary>"),
    Line::from("Each source line remains visible."),
    Line::from("</details>"),
    Line::from("```"),
    Line::default(),
    Line::from_iter([
        Span::from("Inline HTML remains visible rather than being interpreted."),
        Span::from("<br>").dim(),
        Span::from(" "),
        Span::from("The tag itself appears in the rendered text."),
    ]),
    Line::default(),
    Line::from(Span::from("<details>").dim()),
    Line::from(Span::from("<summary>Block HTML also remains visible</summary>").dim()).dim(),
    Line::from(Span::from("Each source line is rendered on its own terminal line.").dim()).dim(),
    Line::from(Span::from("</details>").dim()).dim(),
    Line::default(),
    Line::from_iter([
        Span::from("## "),
        Span::from("Definition lists"),
    ]).cyan().bold(),
    Line::default(),
    Line::from("```text"),
    Line::from("Terminal user interface"),
    Line::from(": A text-based interface drawn in a terminal."),
    Line::from(""),
    Line::from("Ratatui"),
    Line::from(": A Rust library for building terminal user interfaces."),
    Line::from(": The rendering library used by `tui-markdown`."),
    Line::from("```"),
    Line::default(),
    Line::from(Span::from("Terminal user interface").bold()),
    Line::from_iter([
        Span::from(": "),
        Span::from("A text-based interface drawn in a terminal."),
    ]),
    Line::from(Span::from("Ratatui").bold()),
    Line::from_iter([
        Span::from(": "),
        Span::from("A Rust library for building terminal user interfaces."),
    ]),
    Line::from_iter([
        Span::from(": "),
        Span::from("The rendering library used by "),
        Span::from("tui-markdown").white().on_black(),
        Span::from("."),
    ]),
    Line::default(),
    Line::from_iter([
        Span::from("## "),
        Span::from("Footnotes"),
    ]).cyan().bold(),
    Line::default(),
    Line::from("```text"),
    Line::from("Footnote references stay inline.[^renderer] More than one may appear.[^reader]"),
    Line::from(""),
    Line::from("[^renderer]: `tui-markdown` converts Markdown into styled Ratatui text."),
    Line::from(""),
    Line::from("    A definition may contain a second paragraph."),
    Line::from(""),
    Line::from("[^reader]: `mdr` displays the rendered text in the terminal."),
    Line::from("```"),
    Line::default(),
    Line::from_iter([
        Span::from("Footnote references stay inline."),
        Span::from("[renderer]").dim().italic(),
        Span::from(" More than one may appear."),
        Span::from("[reader]").dim().italic(),
    ]),
    Line::default(),
    Line::from_iter([
        Span::from("[renderer]: ").dim(),
        Span::from("tui-markdown").white().on_black(),
        Span::from(" converts Markdown into styled Ratatui text."),
    ]).dim(),
    Line::default().dim(),
    Line::from("A definition may contain a second paragraph.").dim(),
    Line::default(),
    Line::from_iter([
        Span::from("[reader]: ").dim(),
        Span::from("mdr").white().on_black(),
        Span::from(" displays the rendered text in the terminal."),
    ]).dim(),
    Line::default(),
    Line::from_iter([
        Span::from("## "),
        Span::from("Thematic break"),
    ]).cyan().bold(),
    Line::default(),
    Line::from("```text"),
    Line::from("Text before the rule."),
    Line::from(""),
    Line::from("---"),
    Line::from(""),
    Line::from("Text after the rule."),
    Line::from("```"),
    Line::default(),
    Line::from("Text before the rule."),
    Line::default(),
    Line::from("---"),
    Line::default(),
    Line::from("Text after the rule should not inherit styles or indentation from any earlier construct."),
])
