---
source: tui-markdown/src/renderer/blockquote.rs
expression: |-
  from_str(indoc!("
                      > Parent
                      >> Child
                  "))
---
Text::from_iter([
    Line::from_iter([
        Span::from(">"),
        Span::from(" "),
        Span::from("Parent"),
    ]).green(),
    Line::from_iter([
        Span::from(">"),
        Span::from(" "),
    ]).green(),
    Line::from_iter([
        Span::from(">"),
        Span::from(">"),
        Span::from(" "),
        Span::from("Child"),
    ]).green(),
])
