---
source: tui-markdown/src/renderer/blockquote.rs
expression: |-
  from_str(&formatdoc!
  {"
                      > [!{marker}]
                      > Body
                  "})
---
Text::from_iter([
    Line::from_iter([
        Span::from(">"),
        Span::from(" "),
        Span::from("ℹ\u{fe0f} Note").blue().bold(),
    ]).blue(),
    Line::from_iter([
        Span::from(">"),
        Span::from(" "),
        Span::from("Body"),
    ]).blue(),
])
