---
source: tui-markdown/tests/comprehensive.rs
expression: text
---
Text::from_iter([
    Line::from("---").light_yellow(),
    Line::from("title: Comprehensive Markdown Test").light_yellow(),
    Line::from("author: tui-markdown").light_yellow(),
    Line::from("version: 1.0").light_yellow(),
    Line::from("---").light_yellow(),
    Line::default(),
    Line::from_iter([
        Span::from("# "),
        Span::from("Heading 1"),
    ]).on_cyan().bold().underlined(),
    Line::default(),
    Line::from_iter([
        Span::from("## "),
        Span::from("Heading 2"),
    ]).cyan().bold(),
    Line::default(),
    Line::from_iter([
        Span::from("### "),
        Span::from("Heading 3"),
    ]).cyan().bold().italic(),
    Line::default(),
    Line::from_iter([
        Span::from("#### "),
        Span::from("Heading 4"),
    ]).light_cyan().italic(),
    Line::default(),
    Line::from_iter([
        Span::from("##### "),
        Span::from("Heading 5"),
    ]).light_cyan().italic(),
    Line::default(),
    Line::from_iter([
        Span::from("###### "),
        Span::from("Heading 6"),
    ]).light_cyan().italic(),
    Line::default(),
    Line::from_iter([
        Span::from("## "),
        Span::from("Heading with attributes"),
        Span::from(" {#custom-id .highlight data-level=2}").dim(),
    ]).cyan().bold(),
    Line::default(),
    Line::from_iter([
        Span::from("## "),
        Span::from("Text Formatting"),
    ]).cyan().bold(),
    Line::default(),
    Line::from_iter([
        Span::from("Bold text").bold(),
        Span::from(", "),
        Span::from("italic text").italic(),
        Span::from(", "),
        Span::from("strikethrough").crossed_out(),
        Span::from(", "),
        Span::from("inline code").white().on_black(),
        Span::from(", H "),
        Span::from("2").dim().italic(),
        Span::from(" O (subscript), E=mc "),
        Span::from("2").dim().italic(),
        Span::from(" (superscript)."),
    ]),
    Line::default(),
    Line::from_iter([
        Span::from("Combined: "),
        Span::from("bold italic").bold().italic(),
        Span::from(", "),
        Span::from("bold with ").bold(),
        Span::from("code").white().on_black(),
        Span::from(", "),
        Span::from("strikethrough with ").crossed_out(),
        Span::from("italic").italic().crossed_out(),
    ]),
    Line::default(),
    Line::from_iter([
        Span::from("## "),
        Span::from("Links and Images"),
    ]).cyan().bold(),
    Line::default(),
    Line::from_iter([
        Span::from("Example Link").blue().underlined(),
        Span::from(" ("),
        Span::from("https://example.com").blue().underlined(),
        Span::from(")"),
    ]),
    Line::default(),
    Line::from_iter([
        Span::from("Link with ").blue().underlined(),
        Span::from("bold").blue().bold().underlined(),
        Span::from(" ("),
        Span::from("https://example.com").blue().underlined(),
        Span::from(")"),
    ]),
    Line::default(),
    Line::from(Span::from("[img] Alt text for image").dim().italic()),
    Line::default(),
    Line::from(Span::from("[img] https://example.com/no-alt.png").dim().italic()),
    Line::default(),
    Line::from_iter([
        Span::from("Text before "),
        Span::from("[img] photo").dim().italic(),
        Span::from(" text after."),
    ]),
    Line::default(),
    Line::from_iter([
        Span::from("## "),
        Span::from("Lists"),
    ]).cyan().bold(),
    Line::default(),
    Line::from_iter([
        Span::from("### "),
        Span::from("Unordered"),
    ]).cyan().bold().italic(),
    Line::default(),
    Line::from_iter([
        Span::from("- "),
        Span::from("Item 1"),
    ]),
    Line::from_iter([
        Span::from("- "),
        Span::from("Item 2"),
    ]),
    Line::from_iter([
        Span::from("- "),
        Span::from("Item 3"),
    ]),
    Line::default(),
    Line::from_iter([
        Span::from("### "),
        Span::from("Ordered"),
    ]).cyan().bold().italic(),
    Line::default(),
    Line::from_iter([
        Span::from("1. ").light_blue(),
        Span::from("First"),
    ]),
    Line::from_iter([
        Span::from("2. ").light_blue(),
        Span::from("Second"),
    ]),
    Line::from_iter([
        Span::from("3. ").light_blue(),
        Span::from("Third"),
    ]),
    Line::default(),
    Line::from_iter([
        Span::from("### "),
        Span::from("Nested"),
    ]).cyan().bold().italic(),
    Line::default(),
    Line::from_iter([
        Span::from("- "),
        Span::from("Parent"),
    ]),
    Line::from_iter([
        Span::from("    - "),
        Span::from("Child 1"),
    ]),
    Line::from_iter([
        Span::from("    - "),
        Span::from("Child 2"),
    ]),
    Line::from_iter([
        Span::from("        - "),
        Span::from("Grandchild"),
    ]),
    Line::default(),
    Line::from_iter([
        Span::from("### "),
        Span::from("Task Lists"),
    ]).cyan().bold().italic(),
    Line::default(),
    Line::from_iter([
        Span::from("- [ ] "),
        Span::from("Unchecked task"),
    ]),
    Line::from_iter([
        Span::from("- [x] "),
        Span::from("Checked task"),
    ]),
    Line::default(),
    Line::from_iter([
        Span::from("1. ").light_blue(),
        Span::from("[ ] "),
        Span::from("Ordered incomplete"),
    ]),
    Line::from_iter([
        Span::from("2. ").light_blue(),
        Span::from("[x] "),
        Span::from("Ordered complete"),
    ]),
    Line::default(),
    Line::from_iter([
        Span::from("## "),
        Span::from("Blockquotes"),
    ]).cyan().bold(),
    Line::default(),
    Line::from_iter([
        Span::from("│"),
        Span::from(" "),
        Span::from("Simple blockquote"),
    ]).green(),
    Line::default(),
    Line::from_iter([
        Span::from("│"),
        Span::from(" "),
        Span::from("First paragraph."),
    ]).green(),
    Line::from_iter([
        Span::from("│"),
        Span::from(" "),
    ]).green(),
    Line::from_iter([
        Span::from("│"),
        Span::from(" "),
        Span::from("Second paragraph."),
    ]).green(),
    Line::default(),
    Line::from_iter([
        Span::from("│"),
        Span::from(" "),
        Span::from("Outer quote"),
    ]).green(),
    Line::from_iter([
        Span::from("│"),
        Span::from(" "),
    ]).green(),
    Line::from_iter([
        Span::from("│"),
        Span::from("│"),
        Span::from(" "),
        Span::from("Nested quote"),
    ]).green(),
    Line::default(),
    Line::from_iter([
        Span::from("## "),
        Span::from("GFM Alerts"),
    ]).cyan().bold(),
    Line::default(),
    Line::from_iter([
        Span::from("│"),
        Span::from(" "),
        Span::from("ℹ\u{fe0f} Note").blue().bold(),
    ]).blue(),
    Line::from_iter([
        Span::from("│"),
        Span::from(" "),
        Span::from("This is a note with useful information."),
    ]).blue(),
    Line::default(),
    Line::from_iter([
        Span::from("│"),
        Span::from(" "),
        Span::from("💡 Tip").green().bold(),
    ]).green(),
    Line::from_iter([
        Span::from("│"),
        Span::from(" "),
        Span::from("This is a helpful tip."),
    ]).green(),
    Line::default(),
    Line::from_iter([
        Span::from("│"),
        Span::from(" "),
        Span::from("❗ Important").magenta().bold(),
    ]).magenta(),
    Line::from_iter([
        Span::from("│"),
        Span::from(" "),
        Span::from("This is important information."),
    ]).magenta(),
    Line::default(),
    Line::from_iter([
        Span::from("│"),
        Span::from(" "),
        Span::from("⚠\u{fe0f} Warning").yellow().bold(),
    ]).yellow(),
    Line::from_iter([
        Span::from("│"),
        Span::from(" "),
        Span::from("This is a warning message."),
    ]).yellow(),
    Line::default(),
    Line::from_iter([
        Span::from("│"),
        Span::from(" "),
        Span::from("🔴 Caution").red().bold(),
    ]).red(),
    Line::from_iter([
        Span::from("│"),
        Span::from(" "),
        Span::from("This is a caution about something dangerous."),
    ]).red(),
    Line::default(),
    Line::from_iter([
        Span::from("## "),
        Span::from("Tables"),
    ]).cyan().bold(),
    Line::default(),
    Line::from(Span::from("┌───────┬─────┬──────┐").dark_gray()),
    Line::from_iter([
        Span::from("│").dark_gray(),
        Span::from(" "),
        Span::from("Name").cyan().bold(),
        Span::from(" "),
        Span::from(" "),
        Span::from("│").dark_gray(),
        Span::from(" "),
        Span::from("Age").cyan().bold(),
        Span::from(" "),
        Span::from("│").dark_gray(),
        Span::from(" "),
        Span::from("City").cyan().bold(),
        Span::from(" "),
        Span::from("│").dark_gray(),
    ]),
    Line::from(Span::from("├───────┼─────┼──────┤").dark_gray()),
    Line::from_iter([
        Span::from("│").dark_gray(),
        Span::from(" "),
        Span::from("Alice"),
        Span::from(" "),
        Span::from("│").dark_gray(),
        Span::from(" "),
        Span::from(" "),
        Span::from("30"),
        Span::from(" "),
        Span::from("│").dark_gray(),
        Span::from(" "),
        Span::from("NYC"),
        Span::from(" "),
        Span::from(" "),
        Span::from("│").dark_gray(),
    ]),
    Line::from_iter([
        Span::from("│").dark_gray(),
        Span::from(" "),
        Span::from("Bob"),
        Span::from("  "),
        Span::from(" "),
        Span::from("│").dark_gray(),
        Span::from(" "),
        Span::from(" "),
        Span::from("25"),
        Span::from(" "),
        Span::from("│").dark_gray(),
        Span::from(" "),
        Span::from(" "),
        Span::from("LA"),
        Span::from(" "),
        Span::from(" "),
        Span::from("│").dark_gray(),
    ]),
    Line::from(Span::from("└───────┴─────┴──────┘").dark_gray()),
    Line::default(),
    Line::from(Span::from("┌──────┬────────┬───────┐").dark_gray()),
    Line::from_iter([
        Span::from("│").dark_gray(),
        Span::from(" "),
        Span::from("Left").cyan().bold(),
        Span::from(" "),
        Span::from("│").dark_gray(),
        Span::from(" "),
        Span::from("Center").cyan().bold(),
        Span::from(" "),
        Span::from("│").dark_gray(),
        Span::from(" "),
        Span::from("Right").cyan().bold(),
        Span::from(" "),
        Span::from("│").dark_gray(),
    ]),
    Line::from(Span::from("├──────┼────────┼───────┤").dark_gray()),
    Line::from_iter([
        Span::from("│").dark_gray(),
        Span::from(" "),
        Span::from("L"),
        Span::from("   "),
        Span::from(" "),
        Span::from("│").dark_gray(),
        Span::from(" "),
        Span::from("  "),
        Span::from("C"),
        Span::from("   "),
        Span::from(" "),
        Span::from("│").dark_gray(),
        Span::from(" "),
        Span::from("    "),
        Span::from("R"),
        Span::from(" "),
        Span::from("│").dark_gray(),
    ]),
    Line::from(Span::from("└──────┴────────┴───────┘").dark_gray()),
    Line::default(),
    Line::from_iter([
        Span::from("## "),
        Span::from("Code Blocks"),
    ]).cyan().bold(),
    Line::default(),
    Line::from(Span::from("```rust").dark_gray()),
    Line::from_iter([
        Span::from("  1 │ ").dark_gray(),
        Span::from("fn").fg(Color::Rgb(180, 142, 173)),
        Span::from(" ").fg(Color::Rgb(192, 197, 206)),
        Span::from("main").fg(Color::Rgb(143, 161, 179)),
        Span::from("(").fg(Color::Rgb(192, 197, 206)),
        Span::from(")").fg(Color::Rgb(192, 197, 206)),
        Span::from(" ").fg(Color::Rgb(192, 197, 206)),
        Span::from("{").fg(Color::Rgb(192, 197, 206)),
    ]),
    Line::from_iter([
        Span::from("  2 │ ").dark_gray(),
        Span::from("    ").fg(Color::Rgb(192, 197, 206)),
        Span::from("println!").fg(Color::Rgb(192, 197, 206)),
        Span::from("(").fg(Color::Rgb(192, 197, 206)),
        Span::from("\"").fg(Color::Rgb(192, 197, 206)),
        Span::from("Hello, world!").fg(Color::Rgb(163, 190, 140)),
        Span::from("\"").fg(Color::Rgb(192, 197, 206)),
        Span::from(")").fg(Color::Rgb(192, 197, 206)),
        Span::from(";").fg(Color::Rgb(192, 197, 206)),
    ]),
    Line::from_iter([
        Span::from("  3 │ ").dark_gray(),
        Span::from("}").fg(Color::Rgb(192, 197, 206)),
    ]),
    Line::from(Span::from("```").dark_gray()),
    Line::default(),
    Line::from(Span::from("```python").dark_gray()),
    Line::from_iter([
        Span::from("  1 │ ").dark_gray(),
        Span::from("def").fg(Color::Rgb(180, 142, 173)),
        Span::from(" ").fg(Color::Rgb(192, 197, 206)),
        Span::from("hello").fg(Color::Rgb(143, 161, 179)),
        Span::from("(").fg(Color::Rgb(192, 197, 206)),
        Span::from(")").fg(Color::Rgb(192, 197, 206)),
        Span::from(":").fg(Color::Rgb(192, 197, 206)),
    ]),
    Line::from_iter([
        Span::from("  2 │ ").dark_gray(),
        Span::from("    ").fg(Color::Rgb(192, 197, 206)),
        Span::from("print").fg(Color::Rgb(150, 181, 180)),
        Span::from("(").fg(Color::Rgb(192, 197, 206)),
        Span::from("\"").fg(Color::Rgb(192, 197, 206)),
        Span::from("Hello!").fg(Color::Rgb(163, 190, 140)),
        Span::from("\"").fg(Color::Rgb(192, 197, 206)),
        Span::from(")").fg(Color::Rgb(192, 197, 206)),
    ]),
    Line::from(Span::from("```").dark_gray()),
    Line::default(),
    Line::from(Span::from("```").dark_gray()),
    Line::from_iter([
        Span::from("  1 │ ").dark_gray(),
        Span::from("plain code block"),
    ]),
    Line::from_iter([
        Span::from("  2 │ ").dark_gray(),
        Span::from("no language specified"),
    ]),
    Line::from(Span::from("```").dark_gray()),
    Line::default(),
    Line::from_iter([
        Span::from("## "),
        Span::from("Math"),
    ]).cyan().bold(),
    Line::default(),
    Line::from_iter([
        Span::from("Inline math: "),
        Span::from("$").dark_gray(),
        Span::from("E = mc^2").magenta().italic(),
        Span::from("$").dark_gray(),
    ]),
    Line::default(),
    Line::from("Display math:"),
    Line::default(),
    Line::default(),
    Line::from_iter([
        Span::from("  "),
        Span::from("\n\\sum_{i=1}^{n} x_i = x_1 + x_2 + \\cdots + x_n\n").magenta(),
    ]),
    Line::default(),
    Line::from_iter([
        Span::from("## "),
        Span::from("Footnotes"),
    ]).cyan().bold(),
    Line::default(),
    Line::from_iter([
        Span::from("Here is a footnote reference"),
        Span::from("[1]").dim().italic(),
        Span::from("."),
    ]),
    Line::default(),
    Line::from_iter([
        Span::from("Another reference"),
        Span::from("[note]").dim().italic(),
        Span::from("."),
    ]),
    Line::default(),
    Line::from_iter([
        Span::from("[1]: ").dim(),
        Span::from("This is the first footnote definition."),
    ]),
    Line::default(),
    Line::from_iter([
        Span::from("[note]: ").dim(),
        Span::from("This is a named footnote."),
    ]),
    Line::default(),
    Line::from_iter([
        Span::from("## "),
        Span::from("Definition Lists"),
    ]).cyan().bold(),
    Line::default(),
    Line::from(Span::from("Term 1").bold()),
    Line::from_iter([
        Span::from(": "),
        Span::from("Definition for term 1"),
    ]),
    Line::from(Span::from("Term 2").bold()),
    Line::from_iter([
        Span::from(": "),
        Span::from("Definition for term 2"),
    ]),
    Line::from_iter([
        Span::from(": "),
        Span::from("Another definition for term 2"),
    ]),
    Line::default(),
    Line::from_iter([
        Span::from("## "),
        Span::from("HTML"),
    ]).cyan().bold(),
    Line::default(),
    Line::from(Span::from("<div>This is an HTML block</div>").dim()),
    Line::default(),
    Line::from_iter([
        Span::from("Inline "),
        Span::from("<b>").dim(),
        Span::from("HTML"),
        Span::from("</b>").dim(),
        Span::from(" content."),
    ]),
    Line::default(),
    Line::from_iter([
        Span::from("## "),
        Span::from("Horizontal Rules"),
    ]).cyan().bold(),
    Line::default(),
    Line::from("Text above."),
    Line::default(),
    Line::from("────────────────────────────────────────").dark_gray(),
    Line::default(),
    Line::from("Text below."),
    Line::default(),
    Line::from_iter([
        Span::from("## "),
        Span::from("Paragraphs and Line Breaks"),
    ]).cyan().bold(),
    Line::default(),
    Line::from_iter([
        Span::from("This is the first paragraph with a soft"),
        Span::from(" "),
        Span::from("break in the middle."),
    ]),
    Line::default(),
    Line::from("This is the second paragraph."),
    Line::default(),
    Line::from_iter([
        Span::from("## "),
        Span::from("Complex Nesting"),
    ]).cyan().bold(),
    Line::default(),
    Line::from_iter([
        Span::from("Bold text with ").bold(),
        Span::from("italic inside").bold().italic(),
        Span::from(" and ").bold(),
        Span::from("code").white().on_black(),
        Span::from(" too").bold(),
    ]),
    Line::default(),
    Line::from_iter([
        Span::from("│"),
        Span::from(" "),
        Span::from("A blockquote with "),
        Span::from("bold").bold(),
        Span::from(", "),
        Span::from("italic").italic(),
        Span::from(", and "),
        Span::from("code").white().on_black(),
        Span::from(" formatting."),
    ]).green(),
    Line::default(),
    Line::from_iter([
        Span::from("- "),
        Span::from("List with "),
        Span::from("bold").bold(),
        Span::from(" item"),
    ]),
    Line::from_iter([
        Span::from("- "),
        Span::from("List with "),
        Span::from("italic").italic(),
        Span::from(" item"),
    ]),
    Line::from_iter([
        Span::from("- "),
        Span::from("List with "),
        Span::from("code").white().on_black(),
        Span::from(" item"),
    ]),
    Line::from_iter([
        Span::from("- "),
        Span::from("List with "),
        Span::from("link").blue().underlined(),
        Span::from(" ("),
        Span::from("https://example.com").blue().underlined(),
        Span::from(")"),
    ]),
    Line::default(),
    Line::from_iter([
        Span::from("## "),
        Span::from("Edge Cases"),
    ]).cyan().bold(),
    Line::default(),
    Line::from("Single word paragraph."),
    Line::default(),
    Line::from("Multiple blank lines above (should collapse)."),
    Line::default(),
    Line::from("A very long line that should still render correctly even though it extends beyond the typical terminal width and contains many words that might need to be wrapped or truncated depending on the rendering context."),
    Line::default(),
    Line::from("────────────────────────────────────────").dark_gray(),
    Line::default(),
    Line::from(Span::from("End of comprehensive test").italic()),
])
